MPLINK 4.49, Linker
Linker Map File - Created Thu Aug 14 16:56:43 2014

                                 Section Info
                  Section       Type    Address   Location Size(Bytes)
                ---------  ---------  ---------  ---------  ---------
                   .org_0       code   0x000000    program   0x000000
                   .org_1       code   0x000000    program   0x000002
                   .org_2       code   0x000004    program   0x000030



                              Program Memory Usage 
                               Start         End      
                           ---------   ---------      
                            0x000000    0x000000      
                            0x000004    0x00001b      
            25 out of 1094 program addresses used, program memory utilization is 2%



                              Symbols - Sorted by Name
                     Name    Address   Location    Storage File                     
                ---------  ---------  ---------  --------- ---------                
                   INICIO   0x000010    program     static G:\icei\asmpic\ejemplo06 Leds botones\main.asm
                     LEER   0x000017    program     static G:\icei\asmpic\ejemplo06 Leds botones\main.asm
                    TABLA   0x000005    program     static G:\icei\asmpic\ejemplo06 Leds botones\main.asm



                              Symbols - Sorted by Address
                     Name    Address   Location    Storage File                     
                ---------  ---------  ---------  --------- ---------                
                    TABLA   0x000005    program     static G:\icei\asmpic\ejemplo06 Leds botones\main.asm
                   INICIO   0x000010    program     static G:\icei\asmpic\ejemplo06 Leds botones\main.asm
                     LEER   0x000017    program     static G:\icei\asmpic\ejemplo06 Leds botones\main.asm


