MPLINK 4.49, Linker
Linker Map File - Created Tue Aug 12 22:07:09 2014

                                 Section Info
                  Section       Type    Address   Location Size(Bytes)
                ---------  ---------  ---------  ---------  ---------
                   .org_0       code   0x000000    program   0x000000
                   .org_1       code   0x000000    program   0x000002
                   .org_2       code   0x000004    program   0x000042



                              Program Memory Usage 
                               Start         End      
                           ---------   ---------      
                            0x000000    0x000000      
                            0x000004    0x000024      
            34 out of 1094 program addresses used, program memory utilization is 3%



                              Symbols - Sorted by Name
                     Name    Address   Location    Storage File                     
                ---------  ---------  ---------  --------- ---------                
                    BUCLE   0x000006    program     static G:\icei\asmpic\ejemplo05 Leds simple\main.asm
                   BUCLE1   0x000014    program     static G:\icei\asmpic\ejemplo05 Leds simple\main.asm
                   BUCLE2   0x000018    program     static G:\icei\asmpic\ejemplo05 Leds simple\main.asm
                   BUCLE3   0x000020    program     static G:\icei\asmpic\ejemplo05 Leds simple\main.asm
                   INICIO   0x00000b    program     static G:\icei\asmpic\ejemplo05 Leds simple\main.asm
                    TEMPO   0x000005    program     static G:\icei\asmpic\ejemplo05 Leds simple\main.asm



                              Symbols - Sorted by Address
                     Name    Address   Location    Storage File                     
                ---------  ---------  ---------  --------- ---------                
                    TEMPO   0x000005    program     static G:\icei\asmpic\ejemplo05 Leds simple\main.asm
                    BUCLE   0x000006    program     static G:\icei\asmpic\ejemplo05 Leds simple\main.asm
                   INICIO   0x00000b    program     static G:\icei\asmpic\ejemplo05 Leds simple\main.asm
                   BUCLE1   0x000014    program     static G:\icei\asmpic\ejemplo05 Leds simple\main.asm
                   BUCLE2   0x000018    program     static G:\icei\asmpic\ejemplo05 Leds simple\main.asm
                   BUCLE3   0x000020    program     static G:\icei\asmpic\ejemplo05 Leds simple\main.asm


