MPLINK 4.49, Linker
Linker Map File - Created Thu Aug 14 22:34:06 2014

                                 Section Info
                  Section       Type    Address   Location Size(Bytes)
                ---------  ---------  ---------  ---------  ---------
                   .org_0       code   0x000000    program   0x000000
                   .org_1       code   0x000000    program   0x000002
                   .org_2       code   0x000004    program   0x0000a4



                              Program Memory Usage 
                               Start         End      
                           ---------   ---------      
                            0x000000    0x000000      
                            0x000004    0x000055      
            83 out of 1094 program addresses used, program memory utilization is 7%



                              Symbols - Sorted by Name
                     Name    Address   Location    Storage File                     
                ---------  ---------  ---------  --------- ---------                
                    BUCLE   0x000032    program     static G:\icei\asmpic\ejemplo07 Tres displays\main.asm
                   BUCLE1   0x00004f    program     static G:\icei\asmpic\ejemplo07 Tres displays\main.asm
                   BUCLE2   0x000051    program     static G:\icei\asmpic\ejemplo07 Tres displays\main.asm
                   INICIO   0x000040    program     static G:\icei\asmpic\ejemplo07 Tres displays\main.asm
                  SACAR_N   0x000005    program     static G:\icei\asmpic\ejemplo07 Tres displays\main.asm
                  SI_IG_C   0x00002c    program     static G:\icei\asmpic\ejemplo07 Tres displays\main.asm
                  SI_IG_D   0x000025    program     static G:\icei\asmpic\ejemplo07 Tres displays\main.asm
                  SI_IG_U   0x00001e    program     static G:\icei\asmpic\ejemplo07 Tres displays\main.asm
                    SUMAR   0x000018    program     static G:\icei\asmpic\ejemplo07 Tres displays\main.asm
                    TABLA   0x000035    program     static G:\icei\asmpic\ejemplo07 Tres displays\main.asm
                    TEMPO   0x000030    program     static G:\icei\asmpic\ejemplo07 Tres displays\main.asm



                              Symbols - Sorted by Address
                     Name    Address   Location    Storage File                     
                ---------  ---------  ---------  --------- ---------                
                  SACAR_N   0x000005    program     static G:\icei\asmpic\ejemplo07 Tres displays\main.asm
                    SUMAR   0x000018    program     static G:\icei\asmpic\ejemplo07 Tres displays\main.asm
                  SI_IG_U   0x00001e    program     static G:\icei\asmpic\ejemplo07 Tres displays\main.asm
                  SI_IG_D   0x000025    program     static G:\icei\asmpic\ejemplo07 Tres displays\main.asm
                  SI_IG_C   0x00002c    program     static G:\icei\asmpic\ejemplo07 Tres displays\main.asm
                    TEMPO   0x000030    program     static G:\icei\asmpic\ejemplo07 Tres displays\main.asm
                    BUCLE   0x000032    program     static G:\icei\asmpic\ejemplo07 Tres displays\main.asm
                    TABLA   0x000035    program     static G:\icei\asmpic\ejemplo07 Tres displays\main.asm
                   INICIO   0x000040    program     static G:\icei\asmpic\ejemplo07 Tres displays\main.asm
                   BUCLE1   0x00004f    program     static G:\icei\asmpic\ejemplo07 Tres displays\main.asm
                   BUCLE2   0x000051    program     static G:\icei\asmpic\ejemplo07 Tres displays\main.asm


