MPLINK 4.49, Linker
Linker Map File - Created Fri Aug 08 17:22:00 2014

                                 Section Info
                  Section       Type    Address   Location Size(Bytes)
                ---------  ---------  ---------  ---------  ---------
                   .org_0       code   0x000000    program   0x000000
                   .org_1       code   0x000000    program   0x000002
                   .org_2       code   0x000004    program   0x000048



                              Program Memory Usage 
                               Start         End      
                           ---------   ---------      
                            0x000000    0x000000      
                            0x000004    0x000027      
            37 out of 1094 program addresses used, program memory utilization is 3%



                              Symbols - Sorted by Name
                     Name    Address   Location    Storage File                     
                ---------  ---------  ---------  --------- ---------                
                   INICIO   0x000005    program     static G:\icei\asmpic\ejemplo03\main.asm
                   LEER_0   0x00000c    program     static G:\icei\asmpic\ejemplo03\main.asm
                   LEER_1   0x000011    program     static G:\icei\asmpic\ejemplo03\main.asm
                   LEER_2   0x000016    program     static G:\icei\asmpic\ejemplo03\main.asm
                   LEER_3   0x00001b    program     static G:\icei\asmpic\ejemplo03\main.asm
                   LEER_4   0x000020    program     static G:\icei\asmpic\ejemplo03\main.asm
                  NO_CERO   0x000025    program     static G:\icei\asmpic\ejemplo03\main.asm



                              Symbols - Sorted by Address
                     Name    Address   Location    Storage File                     
                ---------  ---------  ---------  --------- ---------                
                   INICIO   0x000005    program     static G:\icei\asmpic\ejemplo03\main.asm
                   LEER_0   0x00000c    program     static G:\icei\asmpic\ejemplo03\main.asm
                   LEER_1   0x000011    program     static G:\icei\asmpic\ejemplo03\main.asm
                   LEER_2   0x000016    program     static G:\icei\asmpic\ejemplo03\main.asm
                   LEER_3   0x00001b    program     static G:\icei\asmpic\ejemplo03\main.asm
                   LEER_4   0x000020    program     static G:\icei\asmpic\ejemplo03\main.asm
                  NO_CERO   0x000025    program     static G:\icei\asmpic\ejemplo03\main.asm


