MPLINK 4.49, Linker
Linker Map File - Created Sun Aug 10 15:18:38 2014

                                 Section Info
                  Section       Type    Address   Location Size(Bytes)
                ---------  ---------  ---------  ---------  ---------
                   .org_0       code   0x000000    program   0x000000
                   .org_1       code   0x000000    program   0x000002
                   .org_2       code   0x000004    program   0x00004a



                              Program Memory Usage 
                               Start         End      
                           ---------   ---------      
                            0x000000    0x000000      
                            0x000004    0x000028      
            38 out of 1094 program addresses used, program memory utilization is 3%



                              Symbols - Sorted by Name
                     Name    Address   Location    Storage File                     
                ---------  ---------  ---------  --------- ---------                
                   INICIO   0x000005    program     static G:\icei\asmpic\ejemplo03\main.asm
                   LEER_0   0x00000c    program     static G:\icei\asmpic\ejemplo03\main.asm
                   LEER_1   0x000012    program     static G:\icei\asmpic\ejemplo03\main.asm
                   LEER_2   0x000017    program     static G:\icei\asmpic\ejemplo03\main.asm
                   LEER_3   0x00001c    program     static G:\icei\asmpic\ejemplo03\main.asm
                   LEER_4   0x000021    program     static G:\icei\asmpic\ejemplo03\main.asm
                  NO_CERO   0x000026    program     static G:\icei\asmpic\ejemplo03\main.asm



                              Symbols - Sorted by Address
                     Name    Address   Location    Storage File                     
                ---------  ---------  ---------  --------- ---------                
                   INICIO   0x000005    program     static G:\icei\asmpic\ejemplo03\main.asm
                   LEER_0   0x00000c    program     static G:\icei\asmpic\ejemplo03\main.asm
                   LEER_1   0x000012    program     static G:\icei\asmpic\ejemplo03\main.asm
                   LEER_2   0x000017    program     static G:\icei\asmpic\ejemplo03\main.asm
                   LEER_3   0x00001c    program     static G:\icei\asmpic\ejemplo03\main.asm
                   LEER_4   0x000021    program     static G:\icei\asmpic\ejemplo03\main.asm
                  NO_CERO   0x000026    program     static G:\icei\asmpic\ejemplo03\main.asm


